Using Python 3.10.12 environment at: /home/cochl/ft-spike
error: Failed to build `freetoken @ file:///home/cochl/ft-spike/src`
  cause: The build backend returned an error
  cause: Call to `setuptools.build_meta.build_editable` failed (exit status: 1)

         [stderr]
         /home/cochl/.cache/uv/builds-v0/.tmp0JhpE2/lib/python3.10/site-packages/torch/_subclasses/functional_tensor.py:307: UserWarning: Failed to initialize NumPy: No module named 'numpy' (Triggered internally at /pytorch/torch/csrc/utils/tensor_numpy.cpp:84.)
           cpu = _conversion_method_template(device=torch.device("cpu"))
         /home/cochl/.cache/uv/builds-v0/.tmp0JhpE2/lib/python3.10/site-packages/torch/cuda/__init__.py:180: UserWarning: CUDA initialization: The NVIDIA driver on your system is too old (found version 12020). Please update your GPU driver by downloading and installing a new version from the URL: http://www.nvidia.com/Download/index.aspx Alternatively, go to: https://pytorch.org to install a PyTorch version that has been compiled with your version of the CUDA driver. (Triggered internally at /pytorch/c10/cuda/CUDAFunctions.cpp:119.)
           return torch._C._cuda_getDeviceCount() > 0
         W0915 22:57:49.151000 330606 torch/utils/cpp_extension.py:140] No CUDA runtime is found, using CUDA_HOME='/usr/local/cuda'
         Traceback (most recent call last):
           File "<string>", line 14, in <module>
           File "/home/cochl/.cache/uv/builds-v0/.tmp0JhpE2/lib/python3.10/site-packages/setuptools/build_meta.py", line 481, in get_requires_for_build_editable
             return self.get_requires_for_build_wheel(config_settings)
           File "/home/cochl/.cache/uv/builds-v0/.tmp0JhpE2/lib/python3.10/site-packages/setuptools/build_meta.py", line 333, in get_requires_for_build_wheel
             return self._get_build_requires(config_settings, requirements=[])
           File "/home/cochl/.cache/uv/builds-v0/.tmp0JhpE2/lib/python3.10/site-packages/setuptools/build_meta.py", line 301, in _get_build_requires
             self.run_setup()
           File "/home/cochl/.cache/uv/builds-v0/.tmp0JhpE2/lib/python3.10/site-packages/setuptools/build_meta.py", line 317, in run_setup
             exec(code, locals())
           File "<string>", line 37, in <module>
           File "<string>", line 20, in _check_toolchain
           File "/home/cochl/ft-spike/src/python/freetoken/kernel/_toolchain.py", line 66, in check_nvcc_matches_torch
             raise RuntimeError(
         RuntimeError: nvcc 12.2 would build kernels linking libcudart.so.12, but torch 2.11.0+cu130 ships CUDA 13.0 (libcudart.so.13). Install a CUDA 13.x toolkit, or set FREETOKEN_ALLOW_CUDA_MISMATCH=1 to override.

hint: Build failures usually indicate a problem with the package or the build environment
